1. Instaliran e git preku Git SCM stranata, a Github profilot e kreiran na nivnata strana preku "Create Account" (ovoj akaunt vekje odamna mi e napraven)

2. Otidov na linkot, pa glavnata granka ja preimenuvav od "main" vo "master" i stisnav update

3. Otidov na home page, pa preku "Create New" najlevo naprev nov repo so ime "SI_2023_lab1_213124" i go napraviv privaten so klikanje na opcijata so ja nudat

4.Kreiran e nov folder so imeto SI_2023_lab1_213124 i so komandata "git init" e inicijaliziran:
//
$ git init
Initialized empty Git repository in C:/Users/tomce/OneDrive/Desktop/Faks 4 Semestar/Softversko/LAB 1/SI_2023_lab1_213124/.git/
//

5. So kodot sto e daden na Github za repoto so ovie komandi:
//
…or push an existing repository from the command line
git remote add origin https://github.com/imdat1/SI_2023_lab1_213124.git
git branch -M master
git push -u origin master
==
//

6. Dodadov README.md so //$ nano README.md//, a potoa go dodadov na staging area so: 
//
$ git add --all
warning: in the working copy of 'README.md', LF will be replaced by CRLF the next time Git touches it
//
Posle naprev komit so porakata:
//
$ git commit -m "Initial commit."
[master (root-commit) 5bd52ea] Initial commit.
 1 file changed, 1 insertion(+)
 create mode 100644 README.md
//

7. Kako prethodno, go naprev so "nano" java faljlot, ja dodadov sodrzinata, go "add" vo "stage", pa komit so porakata "Add java class"

8. So odaleceniot repo se sinhronizirani grankite so komandata:
//
$ git push -u origin master
Enumerating objects: 6, done.
Counting objects: 100% (6/6), done.
Delta compression using up to 16 threads
Compressing objects: 100% (4/4), done.
Writing objects: 100% (6/6), 814 bytes | 814.00 KiB/s, done.
Total 6 (delta 1), reused 0 (delta 0), pack-reused 0
remote: Resolving deltas: 100% (1/1), done.
To https://github.com/imdat1/SI_2023_lab1_213124.git
 * [new branch]      master -> master
branch 'master' set up to track 'origin/master'.
//

9. Prvin naprev //$ git checkout master// da se osiguram deka sum vo master. Posle so //$ git branch bug1//, //$ git branch bug2//, i //$ git branch bug3// gi naprev grankite za bugojte. Eve gi grankite:
//
$ git branch
  bug1
  bug2
  bug3
* master
//

10. // $ git checkout bug1
Switched to branch 'bug1'
//

11. So nano si ja otvoriv datotekata, go smenav for ciklusot namesto "i<=n" da bide "i<n", i zacuvav. Posle so //$ git add .// dodadov, pa dodadov so 
//
$ git commit -m "Fix wrong loop for reading"
[bug1 2dbcbc8] Fix wrong loop for reading
 1 file changed, 1 insertion(+), 1 deletion(-)
// 

Eve ja status porakata samo za toj commit:
//
$ git log
commit 2dbcbc83a1a7a696395013771eb6d0b2d7e8320c (HEAD -> bug1)
Author: Dean Nastevski <dean.nastevski@students.finki.ukim.mk>
Date:   Mon Apr 3 22:04:37 2023 +0200

    Fix wrong loop for reading
//

12. //$ git checkout bug2
Switched to branch 'bug2'//

13. Isto ko i prethodno, vlegov so nano, greskata beshe so se baraat neparni broevi, a ciklusot barashe parni. Go smenav namesto "el % 2 == 0" da bide "el % 2 != 0". Naprev "git add .", pa
//
$ git commit -m "Fix wrong condition in filterOddNumbers"
[bug2 f1d1662] Fix wrong condition in filterOddNumbers
 1 file changed, 1 insertion(+), 1 deletion(-)
//

14. // $ git checkout bug3
Switched to branch 'bug3'//

15. Isto ko prethodno, so nano otvoriv, greskata beshe so bara suma a imashe mnozenje vo "sum *= el;", go smenav vo "sum += el;". Addnav so "git add .", pa commit:
//
$ git commit -m "Fix method sumEvenNumbers"
[bug3 0dd623e] Fix method sumEvenNumbers
 1 file changed, 1 insertion(+), 1 deletion(-)
//

16. Eve sinhronizacija za bug1 grankata so remote:
//
$ git push -u origin bug1
Enumerating objects: 5, done.
Counting objects: 100% (5/5), done.
Delta compression using up to 16 threads
Compressing objects: 100% (3/3), done.
Writing objects: 100% (3/3), 336 bytes | 336.00 KiB/s, done.
Total 3 (delta 1), reused 0 (delta 0), pack-reused 0
remote: Resolving deltas: 100% (1/1), completed with 1 local object.
remote:
remote: Create a pull request for 'bug1' on GitHub by visiting:
remote:      https://github.com/imdat1/SI_2023_lab1_213124/pull/new/bug1
remote:
To https://github.com/imdat1/SI_2023_lab1_213124.git
 * [new branch]      bug1 -> bug1
branch 'bug1' set up to track 'origin/bug1'.
//
Posle so //$ git push -u origin bug2// i //$ git push -u origin bug3// gi sinhronizirav grankite so odalecniot repo

17. //$ git checkout master
Switched to branch 'master'
Your branch is up to date with 'origin/master'.
//

18. //$ git merge bug1
Updating be8cf21..2dbcbc8
Fast-forward
 SILab1.java | 2 +-
 1 file changed, 1 insertion(+), 1 deletion(-)
//

19. // $ git push -u origin master
Total 0 (delta 0), reused 0 (delta 0), pack-reused 0
To https://github.com/imdat1/SI_2023_lab1_213124.git
   be8cf21..2dbcbc8  master -> master
branch 'master' set up to track 'origin/master'.
//
Isto gi sinhronizirav i drugite granki so push

20. //$ git merge bug2
Auto-merging SILab1.java
Merge made by the 'ort' strategy.
 SILab1.java | 2 +-
 1 file changed, 1 insertion(+), 1 deletion(-)
//

21. So "git push -u origin *IMEGRANKA*" gi pushnav site

22. //$ git checkout bug3
Switched to branch 'bug3'
Your branch is up to date with 'origin/bug3'.
//

23. //$ git rebase master
Successfully rebased and updated refs/heads/bug3.
//

24. //$ git checkout master
Switched to branch 'master'
Your branch is up to date with 'origin/master'.
//

25. //$ git merge bug3
Updating 691463f..e701ab7
Fast-forward
 SILab1.java | 2 +-
 1 file changed, 1 insertion(+), 1 deletion(-)
//

26. Gi spojav ko i prethodno, ama mozam da kazam deka iskoristiv --force za bug3 grankata:
// $ git push -u --force origin bug3
Total 0 (delta 0), reused 0 (delta 0), pack-reused 0
To https://github.com/imdat1/SI_2023_lab1_213124.git
 + 0dd623e...e701ab7 bug3 -> bug3 (forced update)
branch 'bug3' set up to track 'origin/bug3'.
//

27. Dodadov logs so komandata //$ git log > logs.txt//, a posle ovaa datoteka samo ja movenav vo File Explorer. Posledniot commit ke go dodam so ovaja komanda //$ git commit -m "Final commit"// od ko ke ja izgasam ovaja datoteka